// Jest Snapshot v1, https://goo.gl/fbAQLP

exports[`AddProcessingPlantAddress regardless of state should match snapshots 1`] = `
<div>
  <div
    class="processing-statement css-1l99ixu-OuterContainer e4u1u2g0"
  >
    <div
      class="css-n57fe4-InnerContainer e4u1u2g1"
    >
      <div
        class="css-1lzr9ic-StyledRow e4u1u2g0"
      >
        <div
          class="css-1w80l5h-StyledColumn e4u1u2g0"
        >
          <a
            class="e1vcssft0 css-zk98nb-Anchor-StyledHoc e4u1u2g0"
            href=""
          >
            Back
          </a>
          <div
            class="notification-banner"
            role="alert"
            style="border: 0px;"
          >
            <div
              class="notification-banner__header"
            >
              <h2
                class="notification-banner__title"
              >
                Important
              </h2>
            </div>
            <div
              class="notification-banner__content"
            >
              <p
                class="notification-banner__heading"
              >
                Due to improvements in the way addresses are managed, the processing plant address in this document must be re-entered.
              </p>
            </div>
          </div>
          <h1
            class="e1vcssft0 css-11nzzut-StyledHeader-StyledHoc e4u1u2g0"
          >
            Add processing plant address
          </h1>
        </div>
      </div>
      <form
        action="/orchestration/api/v1/processingStatement/saveAndValidate"
        method="POST"
      >
        <div
          class="css-1lzr9ic-StyledRow e4u1u2g0"
        >
          <div
            class="css-n58wva-StyledColumn e4u1u2g0"
          >
            <label
              class="e1vcssft0 e1vcssft0 css-5tg97n-StyledLabel-StyledHoc-StyledHoc e4u1u2g0"
              for="plantName"
              id="plantName"
            >
              <span
                class="e1vcssft0 css-3e01s4-StyledLabelText-StyledHoc e4u1u2g0"
              >
                Plant name
              </span>
              
              <input
                autocomplete="off"
                class="formControl e1vcssft0 css-4n7f6s-StyledInput-StyledHoc e4u1u2g0"
                id="plantName"
                name="plantName"
                type="text"
                value=""
              />
            </label>
          </div>
        </div>
        <div
          class="css-1lzr9ic-StyledRow e4u1u2g0"
        >
          <div
            class="css-n58wva-StyledColumn e4u1u2g0"
          >
            <p
              id="plant-address"
            >
              An address must be added for this processing plant.
            </p>
            <p
              id="address-link-wrapper"
            >
              <a
                class="change-address-link"
                href="/:documentnumber/changeAddress"
                id="plant-address-link"
              >
                Add the processing plant address
              </a>
            </p>
          </div>
        </div>
        <div
          class="css-1lzr9ic-StyledRow e4u1u2g0"
        >
          <button
            class="css-17uw1q2-StyledButton-StyledHoc e4u1u2g0"
            formaction="/orchestration/api/v1/processingStatement/saveAndValidate?c=&n=&saveAsDraftUrl=undefined"
            id="saveAsDraft"
            name="saveAsDraft"
            type="submit"
          >
            Save as Draft
          </button>
          <input
            name="journey"
            type="hidden"
            value="processingStatement"
          />
          <input
            name="currentUri"
            type="hidden"
            value=""
          />
          <button
            class="css-1gc9650-StyledButton-StyledHoc e4u1u2g0"
            id="continue"
          >
            Save and continue
          </button>
        </div>
      </form>
      <a
        href="/undefined/progress"
        id="backToProgress"
      >
        Back to Your Progress
        <span
          class="govuk-visually-hidden"
        >
          back to your progress page link
        </span>
      </a>
      <div
        class="css-1lzr9ic-StyledRow e4u1u2g0"
      >
        <div
          class="css-1w80l5h-StyledColumn e4u1u2g0"
        >
          <hr
            class="help-link"
          />
          <h2
            class="e1vcssft0 css-162lx7h-StyledHeader-StyledHoc e4u1u2g0"
          >
            Need help?
          </h2>
          <a
            href="undefined"
            rel="noopener noreferrer"
            target="_blank"
          >
            Get help exporting fish from the UK (gov.uk)
             
            <span
              class="govuk-visually-hidden"
            >
              (opens in new tab)
            </span>
          </a>
        </div>
      </div>
    </div>
  </div>
</div>
`;
