// Jest Snapshot v1, https://goo.gl/fbAQLP

exports[`Consignment page should take a snapshot of the whole page 1`] = `
<div>
  <div
    class="processing-statement css-1l99ixu-OuterContainer e4u1u2g0"
  >
    <div
      class="css-n57fe4-InnerContainer e4u1u2g1"
    >
      <div
        class="css-1lzr9ic-StyledRow e4u1u2g0"
      >
        <div
          class="css-1w80l5h-StyledColumn e4u1u2g0"
        >
          <a
            class="e1vcssft0 css-zk98nb-Anchor-StyledHoc e4u1u2g0"
            href="/create-processing-statement/document123/previous-uri"
          >
            Back
          </a>
          <h1
            class="e1vcssft0 css-11nzzut-StyledHeader-StyledHoc e4u1u2g0"
          >
            Add a description and commodity code
          </h1>
        </div>
      </div>
      <form
        action="/orchestration/api/v1/processingStatement/saveAndValidate"
        method="POST"
      >
        <div
          class="css-1lzr9ic-StyledRow e4u1u2g0"
        >
          <div
            class="css-n58wva-StyledColumn e4u1u2g0"
          >
            <label
              class="e1vcssft0 css-137pbp-StyledLabel-StyledHoc e4u1u2g0"
              for="consignmentDescription"
            >
              <span
                class="e1vcssft0 css-3e01s4-StyledLabelText-StyledHoc e4u1u2g0"
              />
              <span
                class="e1vcssft0 css-1whl0n4-StyledHint-StyledHoc e4u1u2g0"
              >
                You need to tell us what’s in the consignment and include the relevant commodity codes. For example, ‘Herring fillets (16041210), Atlantic cod fishcakes (16041992)’.
              </span>
              
              <textarea
                autocomplete="off"
                class="formControl css-1dvz68f-TextAreaField e4u1u2g0"
                id="consignmentDescription"
                name="consignmentDescription"
                rows="5"
                type="text"
              />
            </label>
          </div>
        </div>
        <div
          class="css-1lzr9ic-StyledRow e4u1u2g0"
        >
          <button
            class="css-17uw1q2-StyledButton-StyledHoc e4u1u2g0"
            formaction="/orchestration/api/v1/processingStatement/saveAndValidate?c=undefined&n=undefined&saveAsDraftUrl=undefined"
            id="saveAsDraft"
            name="saveAsDraft"
            type="submit"
          >
            Save as Draft
          </button>
          <input
            name="journey"
            type="hidden"
            value=""
          />
          <input
            name="currentUri"
            type="hidden"
            value=""
          />
          <button
            class="css-1gc9650-StyledButton-StyledHoc e4u1u2g0"
            id="continue"
          >
             
            Save and continue
          </button>
        </div>
      </form>
      <a
        href="/create-processing-statement/document123/progress"
        id="backToProgress"
      >
        Back to Your Progress
        <span
          class="govuk-visually-hidden"
        >
          back to your progress page link
        </span>
      </a>
      <div
        class="css-1lzr9ic-StyledRow e4u1u2g0"
      >
        <div
          class="css-1w80l5h-StyledColumn e4u1u2g0"
        >
          <hr
            class="help-link"
          />
          <h2
            class="e1vcssft0 css-162lx7h-StyledHeader-StyledHoc e4u1u2g0"
          >
            Need help?
          </h2>
          <a
            href="undefined"
            rel="noopener noreferrer"
            target="_blank"
          >
            Get help exporting fish from the UK (gov.uk)
             
            <span
              class="govuk-visually-hidden"
            >
              (opens in new tab)
            </span>
          </a>
        </div>
      </div>
    </div>
  </div>
</div>
`;
