// Jest Snapshot v1, https://goo.gl/fbAQLP

exports[`Manage your product favourites should take a snapshot of the component 1`] = `
<div>
  <a
    href="/manage-favourites"
    id="manageYourProductFavourites"
  >
    Manage your product favourites
  </a>
</div>
`;
