// Jest Snapshot v1, https://goo.gl/fbAQLP

exports[`snapshot describe block should load the snapshot for whole page 1`] = `
<div>
  <div
    class="dashboard"
  >
    <div
      class="css-1lzr9ic-StyledRow e4u1u2g0"
    >
      <div
        class="css-1w80l5h-StyledColumn e4u1u2g0"
      >
        <a
          class="e1vcssft0 css-zk98nb-Anchor-StyledHoc e4u1u2g0"
          href="/export-certificates/add-exporter-details"
        >
          Back
        </a>
      </div>
    </div>
    <div
      class="e1vcssft0 css-faqcc9-StyledInsetText-StyledHoc e4u1u2g0"
      id="speciesAndLandingsGuidanceMessage"
    >
      <p>
        Please Note:
      </p>
      <ul
        class="ul e1vcssft0 css-t0nsp0-StyledList-StyledHoc e4u1u2g0"
      >
        <li
          class="e1vcssft0 css-h9lpae-StyledListItem-StyledHoc e4u1u2g0"
        >
          Each product must have at least one landing
          .
        </li>
        <li
          class="e1vcssft0 css-h9lpae-StyledListItem-StyledHoc e4u1u2g0"
        >
          A maximum of 100 landings is allowed per certificate.
        </li>
      </ul>
    </div>
    <h1
      class="e1vcssft0 css-11nzzut-StyledHeader-StyledHoc e4u1u2g0"
    >
      What are you exporting?
    </h1>
    <div
      class="fes-govuk-tabs"
    >
      <ol
        class="fes-govuk-tabs__list"
        role="tablist"
      >
        <li
          class="fes-govuk-tabs__list-item fes-govuk-tabs__list-item--selected"
          role="presentation"
        >
          <a
            aria-controls="tab-pane-add-products"
            aria-selected="true"
            class="fes-govuk-tabs__tab"
            href="#tab-pane-add-products"
            id="tab-pane-add-products"
            role="tab"
          >
            Add products
          </a>
        </li>
        <li
          class="fes-govuk-tabs__list-item"
          role="presentation"
        >
          <a
            aria-controls="tab-pane-add-products-from-favourites"
            aria-selected="false"
            class="fes-govuk-tabs__tab"
            href="#tab-pane-add-products-from-favourites"
            id="tab-pane-add-products-from-favourites"
            role="tab"
            tabindex="-1"
          >
            Add products from favourites
          </a>
        </li>
      </ol>
      <div
        aria-labelledby="tab-pane-add-products"
        class="fes-govuk-tabs__panel"
        id="tab-pane-add-products"
        role="tabpanel"
        tabindex="0"
      >
        <h2
          class="e1vcssft0 css-162lx7h-StyledHeader-StyledHoc e4u1u2g0"
        >
          Add products
        </h2>
        <form
          action="/orchestration/api/v1/fish/add"
          class="add-products-form"
          method="POST"
          tabindex="0"
        >
          <div
            class="adding-species"
            id="0"
          >
            <div
              class="properties-group input-species-block"
            >
              <label
                class="e1vcssft0 css-137pbp-StyledLabel-StyledHoc e4u1u2g0"
                for="species"
                id="label-species"
                name="species"
              >
                <div
                  id="speciesLabel"
                >
                  Common name or FAO code
                </div>
                <span
                  class="e1vcssft0 css-1whl0n4-StyledHint-StyledHoc e4u1u2g0"
                >
                  For example, Lobster or LBE.
                </span>
                <div
                  class="autocomplete__wrapper"
                >
                  <div
                    style="border: 0px; height: 1px; margin-bottom: -1px; margin-right: -1px; overflow: hidden; padding: 0px; position: absolute; white-space: nowrap; width: 1px;"
                  >
                    <div
                      aria-atomic="true"
                      aria-live="polite"
                      id="species__status--A"
                      role="status"
                    />
                    <div
                      aria-atomic="true"
                      aria-live="polite"
                      id="species__status--B"
                      role="status"
                    />
                  </div>
                  
                  <input
                    aria-activedescendant="false"
                    aria-autocomplete="list"
                    aria-describedby="species__assistiveHint"
                    aria-expanded="false"
                    aria-owns="species__listbox"
                    autocomplete="off"
                    class="autocomplete__input autocomplete__input--default"
                    id="species"
                    name="species"
                    placeholder=""
                    role="combobox"
                    type="text"
                    value=""
                  />
                  <ul
                    class="autocomplete__menu autocomplete__menu--overlay autocomplete__menu--hidden"
                    id="species__listbox"
                    role="listbox"
                  />
                  <span
                    id="species__assistiveHint"
                    style="display: none;"
                  >
                    When autocomplete results are available use up and down arrows to review and enter to select.  Touch device users, explore by touch or with swipe gestures.
                  </span>
                </div>
              </label>
            </div>
            <details>
              <summary
                class="govuk-details__summary"
              >
                I cannot find the species
              </summary>
              <div
                class="govuk-details__text "
              >
                For best results, search for the common English name or the FAO code (if known) as species nicknames are not supported.
                <p
                  class="css-sq4ju6"
                >
                  Some species are exempt
                  :Â 
                  <a
                    aria-label="Link opens in a new window"
                    href="https://eur-lex.europa.eu/LexUriServ/LexUriServ.do?uri=OJ:L:2011:057:0010:0018:EN:PDF"
                    rel="noopener noreferrer"
                    target="_blank"
                  >
                    Species exempt from Catch Certificates (europa.eu)
                     
                    <span
                      class="govuk-visually-hidden"
                    >
                      (opens in new tab)
                    </span>
                  </a>
                </p>
                If you cannot find the species and it is not exempt, call 
                0330 159 1989.
              </div>
            </details>
            <div>
              <div
                class="form-group"
              >
                <label
                  class="form-label"
                  for="state"
                >
                  <span
                    class="form-label-bold"
                  >
                    State
                  </span>
                </label>
                <select
                  class="form-control"
                  id="state"
                  name="state"
                >
                  <option
                    value=""
                  >
                    Select...
                  </option>
                </select>
              </div>
              <input
                name="species"
                type="hidden"
                value=""
              />
              <input
                name="speciesCode"
                type="hidden"
                value=""
              />
              <input
                name="stateLabel"
                type="hidden"
                value=""
              />
              <input
                name="presentationLabel"
                type="hidden"
                value=""
              />
              <div
                class="form-group"
              >
                <label
                  class="form-label"
                  for="presentation"
                >
                  <span
                    class="form-label-bold"
                  >
                    Presentation
                  </span>
                </label>
                <select
                  class="form-control"
                  id="presentation"
                  name="presentation"
                >
                  <option
                    value=""
                  >
                    Select...
                  </option>
                </select>
              </div>
            </div>
            <div
              class="form-group"
            >
              <label
                class="form-label"
                for="commodity_code"
              >
                <span
                  class="form-label-bold"
                >
                  Commodity Code
                </span>
              </label>
              <select
                class="form-control"
                id="commodity_code"
                name="commodity_code"
              >
                <option
                  value=""
                >
                  Select...
                </option>
              </select>
            </div>
            <details>
              <summary
                class="govuk-details__summary"
              >
                I cannot find the commodity code
              </summary>
              <div
                class="govuk-details__text "
              >
                Call 0330 159 1989 if the commodity code you need is not shown.
              </div>
            </details>
            <label
              class="e1vcssft0 css-mpbcqr-StyledHoc"
              for="addToFavourites"
              id="label-addToFavourites"
            >
              <input
                class="css-17ieumk"
                id="addToFavourites"
                name="addToFavourites"
                type="checkbox"
                value="false"
              />
              <span
                class="css-1ogj8nh"
              >
                Add to product favourites
              </span>
            </label>
            <div
              class="css-1lzr9ic-StyledRow e4u1u2g0"
              style="margin-bottom: 0px;"
            >
              <button
                class="css-17uw1q2-StyledButton-StyledHoc e4u1u2g0"
                id="cancel"
                name="cancel"
                type="button"
                value="cancel"
              >
                Cancel
              </button>
            </div>
          </div>
          <input
            name="redirect"
            type="hidden"
            value=":documentNumber/what-are-you-exporting"
          />
        </form>
      </div>
    </div>
    <h2
      class="heading-large"
      id="productTableCaption"
    >
      Your products
    </h2>
    <div
      class="css-1lzr9ic-StyledRow e4u1u2g0"
    >
      <div
        class="css-1w80l5h-StyledColumn e4u1u2g0"
      >
        <table
          class="css-1uqv7s3-StyledTable e4u1u2g0"
          id="species-table"
        >
          <caption
            class="css-gzlitc-Caption e172z3n50"
          />
          <thead
            class="css-1iuscil-TableHeader e1tbxulj0"
          >
            <tr
              class="css-7u9vzt-RowInner e1bh3ka20"
            >
              <th
                class="css-12e3svi-CellHeader e1sike1z0"
              >
                Product
              </th>
              <th
                class="css-12e3svi-CellHeader e1sike1z0"
              >
                Commodity code
              </th>
              <th
                class="css-12e3svi-CellHeader e1sike1z0"
                style="text-align: right;"
              >
                Action
              </th>
            </tr>
          </thead>
          <tbody
            class="css-x1p7io-TableBody eo9ngsf0"
          />
        </table>
      </div>
    </div>
    <form
      action="POST?c=some-document-number/what-are-you-exporting"
      method="POST"
    >
      <input
        name="journey"
        type="hidden"
        value="catchCertificate"
      />
      <input
        name="currentUri"
        type="hidden"
        value=":documentNumber/what-are-you-exporting"
      />
      <input
        name="saveAsDraftUri"
        type="hidden"
        value="/create-catch-certificate/catch-certificates"
      />
      <div
        class="css-1lzr9ic-StyledRow e4u1u2g0"
      >
        <button
          class="css-17uw1q2-StyledButton-StyledHoc e4u1u2g0"
          formaction="/orchestration/api/v1/saveAsDraftLink"
          id="saveAsDraft"
          name="saveAsDraft"
          type="submit"
        >
          Save as Draft
        </button>
        <button
          class="css-1gc9650-StyledButton-StyledHoc e4u1u2g0"
          id="continue"
        >
          Save and continue
        </button>
      </div>
    </form>
    <a
      href="/create-catch-certificate/some-document-number/progress"
      id="backToProgress"
    >
      Back to Your Progress
      <span
        class="govuk-visually-hidden"
      >
        back to your progress page link
      </span>
    </a>
    <div
      class="css-1lzr9ic-StyledRow e4u1u2g0"
    >
      <div
        class="css-1w80l5h-StyledColumn e4u1u2g0"
      >
        <hr
          class="help-link"
        />
        <h2
          class="e1vcssft0 css-162lx7h-StyledHeader-StyledHoc e4u1u2g0"
        >
          Need help?
        </h2>
        <a
          href="undefined"
          rel="noopener noreferrer"
          target="_blank"
        >
          Get help exporting fish from the UK (gov.uk)
           
          <span
            class="govuk-visually-hidden"
          >
            (opens in new tab)
          </span>
        </a>
      </div>
    </div>
  </div>
</div>
`;
