// Jest Snapshot v1, https://goo.gl/fbAQLP

exports[`Export catch cert page initial load should match the previous snapshot 1`] = `
<div>
  <div
    class="css-1l99ixu-OuterContainer e4u1u2g0"
  >
    <div
      class="css-n57fe4-InnerContainer e4u1u2g1"
    >
      <div
        class="css-1lzr9ic-StyledRow e4u1u2g0"
      >
        <div
          class="css-1w80l5h-StyledColumn e4u1u2g0"
        >
          <a
            class="e1vcssft0 css-zk98nb-Anchor-StyledHoc e4u1u2g0"
            href="undefined/trainDetailsUri"
          >
            Back
          </a>
          
          <h1
            class="e1vcssft0 css-11nzzut-StyledHeader-StyledHoc e4u1u2g0"
          >
            Check your information before you create the catch certificate
          </h1>
        </div>
      </div>
      <dl
        class="css-39qxwj"
      >
        <div
          class="css-16k4qo5"
        >
          <dt
            class="css-a1pm7p"
          >
            Document number
          </dt>
          <dd
            class="css-1eokjdt"
          />
        </div>
      </dl>
      <br />
      <h2
        class="e1vcssft0 css-162lx7h-StyledHeader-StyledHoc e4u1u2g0"
      >
        Exporter details
      </h2>
      <dl
        class="summary css-39qxwj"
        id="exporter-details"
      >
        <div
          class="css-16k4qo5"
        >
          <dt
            class="css-a1pm7p"
          >
            Name of person responsible for this export
          </dt>
          <dd
            class="css-1eokjdt"
          >
            Mr Fish Exporter
          </dd>
          <span
            class="css-3ay1af"
          >
            <a
              class="css-80kuzi-StyledHoc e109g54z0"
              href="/undefined/addExporterDetailsUri"
              id="change-exporterFullName"
            >
              Change
              <span
                class="govuk-visually-hidden"
              >
                name of person responsible for this export
              </span>
            </a>
          </span>
        </div>
        <div
          class="css-16k4qo5"
        >
          <dt
            class="css-a1pm7p"
          >
            Company name
          </dt>
          <dd
            class="css-1eokjdt"
          />
          <span
            class="css-3ay1af"
          >
            <a
              class="css-80kuzi-StyledHoc e109g54z0"
              href="/undefined/addExporterDetailsUri"
              id="change-exporterCompanyName"
            >
              Change
              <span
                class="govuk-visually-hidden"
              >
                company name
              </span>
            </a>
          </span>
        </div>
        <div
          class="css-16k4qo5"
        >
          <dt
            class="css-a1pm7p"
          >
            Company address
          </dt>
          <dd
            class="css-1eokjdt"
          >
            5 Costa Road
            <br />
            Hebburn
            <br />
            NE1 4FS
            <br />
          </dd>
          <span
            class="css-3ay1af"
          >
            <a
              class="css-80kuzi-StyledHoc e109g54z0"
              href="/undefined/addExporterDetailsUri"
              id="change-exporterAddress"
            >
              Change
              <span
                class="govuk-visually-hidden"
              >
                company address
              </span>
            </a>
          </span>
        </div>
      </dl>
      <br />
      <h2
        class="e1vcssft0 css-162lx7h-StyledHeader-StyledHoc e4u1u2g0"
      >
        Landing details
      </h2>
      <dl
        class="css-39qxwj"
      >
        <div
          class="catch-row"
        >
          <div
            class="catch-table"
          >
            <div
              class="css-16k4qo5"
            >
              <dt
                class="css-a1pm7p"
              >
                How do you want to enter your products and landings?
              </dt>
              <dd
                class="css-1eokjdt"
              >
                Manual entry
              </dd>
              <span
                class="css-3ay1af"
              >
                <a
                  class="css-80kuzi-StyledHoc e109g54z0"
                  href="/undefined/landings-entry"
                  id="landing-entry"
                >
                  Change
                </a>
              </span>
            </div>
          </div>
        </div>
        <div
          class="catch-row"
        >
          <div
            class="catch-table"
          >
            <div
              class="css-16k4qo5"
            >
              <dt
                class="css-a1pm7p"
              >
                Species
              </dt>
              <dd
                class="css-1eokjdt"
              >
                Atlantic cod (COD)
              </dd>
              <span
                class="css-3ay1af"
              >
                <a
                  class="css-80kuzi-StyledHoc e109g54z0"
                  href="/undefined/addSpeciesUri?andClickId=edit-prd-btn-undefined&nextUri=/create-catch-certificate/check-your-information&previousUri=/create-catch-certificate/check-your-information"
                  id="change-species-0"
                >
                  Change
                  <span
                    class="govuk-visually-hidden"
                  >
                    species Atlantic cod (COD), Frozen, Filleted
                  </span>
                </a>
              </span>
            </div>
            <div
              class="css-16k4qo5"
            >
              <dt
                class="css-a1pm7p"
              >
                Presentation
              </dt>
              <dd
                class="css-1eokjdt"
              >
                Filleted
              </dd>
              <span
                class="css-3ay1af"
              />
            </div>
            <div
              class="css-16k4qo5"
            >
              <dt
                class="css-a1pm7p"
              >
                State
              </dt>
              <dd
                class="css-1eokjdt"
              >
                Frozen
              </dd>
              <span
                class="css-3ay1af"
              />
            </div>
            <div
              class="css-16k4qo5"
            >
              <dt
                class="css-a1pm7p"
              >
                Commodity code
              </dt>
              <dd
                class="css-1eokjdt"
              >
                03036310
              </dd>
              <span
                class="css-3ay1af"
              />
            </div>
          </div>
          <dl
            class="summary css-39qxwj"
            style="border-bottom: 1px solid #bfc1c3; padding: 7.5px 0px;"
          >
            <div
              class="catch-row "
              id="validationError"
            >
              
              <div
                class="catch-table"
              >
                <div
                  class="css-fvyygl"
                >
                  <dt
                    class="css-umwrei"
                  >
                    <div
                      style="border-left: 10px solid #eee; padding-left: 20px; line-height: 30px;"
                    >
                      Vessel name or PLN
                      <br />
                      Catch area
                      <br />
                      Date landed
                      <br />
                      Export weight
                    </div>
                  </dt>
                  <dd
                    class="css-1szlssk"
                  >
                    <div
                      style="line-height: 30px;"
                    >
                      GOLDEN BELLS 11 (B192)
                      <br />
                      <br />
                      29 January 2019
                      <br />
                      22kg
                    </div>
                  </dd>
                  <span
                    class="css-jgj7td"
                  >
                    <a
                      class="css-80kuzi-StyledHoc e109g54z0"
                      href="/undefined/addLandingsUpdatedUri?andClickId=edit-lnd-btn-undefined_99bc2947-c6f4-4012-9653-22dc0b9ad036&nextUri=/create-catch-certificate/check-your-information&previousUri=/create-catch-certificate/check-your-information"
                      id="change-0-landing-0"
                    >
                      Change
                      <span
                        class="govuk-visually-hidden"
                      >
                        landing 2019-01-29T00:00:00.000Z GOLDEN BELLS 11 (B192) for Atlantic cod (COD), Frozen, Filleted
                      </span>
                    </a>
                  </span>
                </div>
              </div>
            </div>
          </dl>
          <dl
            class="summary css-39qxwj"
            style="border-bottom: 1px solid #bfc1c3; padding: 7.5px 0px;"
          >
            <div
              class="catch-row "
              id="validationError"
            >
              
              <div
                class="catch-table"
              >
                <div
                  class="css-fvyygl"
                >
                  <dt
                    class="css-umwrei"
                  >
                    <div
                      style="border-left: 10px solid #eee; padding-left: 20px; line-height: 30px;"
                    >
                      Vessel name or PLN
                      <br />
                      Catch area
                      <br />
                      Date landed
                      <br />
                      Export weight
                    </div>
                  </dt>
                  <dd
                    class="css-1szlssk"
                  >
                    <div
                      style="line-height: 30px;"
                    >
                      ZARA ANNABEL (BCK126)
                      <br />
                      <br />
                      30 January 2019
                      <br />
                      23kg
                    </div>
                  </dd>
                  <span
                    class="css-jgj7td"
                  >
                    <a
                      class="css-80kuzi-StyledHoc e109g54z0"
                      href="/undefined/addLandingsUpdatedUri?andClickId=edit-lnd-btn-undefined_f487a7d8-76f9-4ff6-b40e-e511b19dfb91&nextUri=/create-catch-certificate/check-your-information&previousUri=/create-catch-certificate/check-your-information"
                      id="change-0-landing-1"
                    >
                      Change
                      <span
                        class="govuk-visually-hidden"
                      >
                        landing 2019-01-30T00:00:00.000Z ZARA ANNABEL (BCK126) for Atlantic cod (COD), Frozen, Filleted
                      </span>
                    </a>
                  </span>
                </div>
              </div>
            </div>
          </dl>
        </div>
        <br />
        <div
          class="catch-row"
        >
          <div
            class="catch-table"
          >
            <div
              class="css-16k4qo5"
            >
              <dt
                class="css-a1pm7p"
              >
                Species
              </dt>
              <dd
                class="css-1eokjdt"
              >
                Haddock (HAD)
              </dd>
              <span
                class="css-3ay1af"
              >
                <a
                  class="css-80kuzi-StyledHoc e109g54z0"
                  href="/undefined/addSpeciesUri?andClickId=edit-prd-btn-undefined&nextUri=/create-catch-certificate/check-your-information&previousUri=/create-catch-certificate/check-your-information"
                  id="change-species-1"
                >
                  Change
                  <span
                    class="govuk-visually-hidden"
                  >
                    species Haddock (HAD), Frozen, Filleted
                  </span>
                </a>
              </span>
            </div>
            <div
              class="css-16k4qo5"
            >
              <dt
                class="css-a1pm7p"
              >
                Presentation
              </dt>
              <dd
                class="css-1eokjdt"
              >
                Filleted
              </dd>
              <span
                class="css-3ay1af"
              />
            </div>
            <div
              class="css-16k4qo5"
            >
              <dt
                class="css-a1pm7p"
              >
                State
              </dt>
              <dd
                class="css-1eokjdt"
              >
                Frozen
              </dd>
              <span
                class="css-3ay1af"
              />
            </div>
            <div
              class="css-16k4qo5"
            >
              <dt
                class="css-a1pm7p"
              >
                Commodity code
              </dt>
              <dd
                class="css-1eokjdt"
              >
                03036400
              </dd>
              <span
                class="css-3ay1af"
              />
            </div>
          </div>
          <dl
            class="summary css-39qxwj"
            style="border-bottom: 1px solid #bfc1c3; padding: 7.5px 0px;"
          >
            <div
              class="catch-row "
              id="validationError"
            >
              
              <div
                class="catch-table"
              >
                <div
                  class="css-fvyygl"
                >
                  <dt
                    class="css-umwrei"
                  >
                    <div
                      style="border-left: 10px solid #eee; padding-left: 20px; line-height: 30px;"
                    >
                      Vessel name or PLN
                      <br />
                      Catch area
                      <br />
                      Date landed
                      <br />
                      Export weight
                    </div>
                  </dt>
                  <dd
                    class="css-1szlssk"
                  >
                    <div
                      style="line-height: 30px;"
                    >
                      SILVER QUEST (AR190)
                      <br />
                      <br />
                      22 January 2019
                      <br />
                      55kg
                    </div>
                  </dd>
                  <span
                    class="css-jgj7td"
                  >
                    <a
                      class="css-80kuzi-StyledHoc e109g54z0"
                      href="/undefined/addLandingsUpdatedUri?andClickId=edit-lnd-btn-undefined_f55dbc41-19f2-41c6-b047-8fcdae60601d&nextUri=/create-catch-certificate/check-your-information&previousUri=/create-catch-certificate/check-your-information"
                      id="change-1-landing-0"
                    >
                      Change
                      <span
                        class="govuk-visually-hidden"
                      >
                        landing 2019-01-22T00:00:00.000Z SILVER QUEST (AR190) for Haddock (HAD), Frozen, Filleted
                      </span>
                    </a>
                  </span>
                </div>
              </div>
            </div>
          </dl>
        </div>
        <br />
      </dl>
      <dl
        class="totalExportWeight css-39qxwj"
      >
        <div
          class="css-16k4qo5"
        >
          <dt
            class="css-a1pm7p"
          >
            Total export weight
          </dt>
          <dd
            class="css-1eokjdt"
          >
            100.00
            kg
          </dd>
          <span
            class="css-3ay1af"
          />
        </div>
      </dl>
      <br />
      <br />
      <div
        class="css-1lzr9ic-StyledRow e4u1u2g0"
      >
        <div
          class="css-1w80l5h-StyledColumn e4u1u2g0"
        >
          <h2
            class="e1vcssft0 css-162lx7h-StyledHeader-StyledHoc e4u1u2g0"
          >
            Transportation details
          </h2>
          <dl
            class="css-39qxwj"
            id="transport-details"
          >
            <div
              class="css-16k4qo5"
            >
              <dt
                class="css-a1pm7p"
                id="departure-country"
              >
                Departure country
              </dt>
              <dd
                class="css-1eokjdt"
              >
                United Kingdom
              </dd>
              <span
                class="css-3ay1af"
              >
                <a
                  class="css-80kuzi-StyledHoc e109g54z0"
                  href="/create-catch-certificate/undefined/what-export-journey"
                  id="change-exportedFrom"
                >
                  Change
                  <span
                    class="govuk-visually-hidden"
                  >
                    country of exportation
                  </span>
                </a>
              </span>
            </div>
            <div
              class="css-16k4qo5"
              id="destination-country"
            >
              <dt
                class="css-a1pm7p"
              >
                Destination country
              </dt>
              <dd
                class="css-1eokjdt"
              />
              <span
                class="css-3ay1af"
              >
                <a
                  class="css-80kuzi-StyledHoc e109g54z0"
                  href="/create-catch-certificate/undefined/what-export-journey"
                  id="change-exportedTo"
                >
                  Change
                  <span
                    class="govuk-visually-hidden"
                  >
                    destination country
                  </span>
                </a>
              </span>
            </div>
            <div
              class="css-16k4qo5"
            >
              <dt
                class="css-a1pm7p"
              >
                How will the export leave the UK?
              </dt>
              <dd
                class="css-1eokjdt"
              >
                Train
              </dd>
              <span
                class="css-3ay1af"
              >
                <a
                  class="css-80kuzi-StyledHoc e109g54z0"
                  href="/create-catch-certificate/undefined/how-does-the-export-leave-the-uk"
                  id="change-transportType"
                >
                  Change
                  <span
                    class="govuk-visually-hidden"
                  >
                    transport type
                  </span>
                </a>
              </span>
            </div>
            <br />
            <div
              class="css-16k4qo5"
            >
              <dt
                class="transport-details-summary-row css-umwrei"
              >
                Railway bill number
              </dt>
              <dd
                class="css-1szlssk"
              >
                1234
              </dd>
              <span
                class="css-jgj7td"
              >
                <a
                  class="css-80kuzi-StyledHoc e109g54z0"
                  href="/create-catch-certificate/undefined/add-transportation-details-train"
                >
                  Change
                  <span
                    class="govuk-visually-hidden"
                  >
                    transport details
                  </span>
                </a>
              </span>
            </div>
            <div
              class="css-16k4qo5"
            >
              <dt
                class="transport-details-summary-row css-umwrei"
              >
                Place export leaves the UK
              </dt>
              <dd
                class="css-1szlssk"
              >
                Derby
              </dd>
            </div>
            <div
              class="css-16k4qo5"
            >
              <dt
                class="transport-details-summary-row css-umwrei"
              />
              <dd
                class="css-1szlssk"
              />
            </div>
          </dl>
        </div>
      </div>
      <div
        class="css-1lzr9ic-StyledRow e4u1u2g0"
      >
        <div
          class="css-1w80l5h-StyledColumn e4u1u2g0"
        >
          <h2
            class="e1vcssft0 css-162lx7h-StyledHeader-StyledHoc e4u1u2g0"
          >
            Conservation and management measures
          </h2>
        </div>
      </div>
      <div
        class="css-1lzr9ic-StyledRow e4u1u2g0"
      >
        <div
          class="warning-message css-1w80l5h-StyledColumn e4u1u2g0"
        >
          <div
            class="e1vcssft0 css-jxvtpr-StyledWarningText-StyledHoc e4u1u2g0"
          >
            <div
              class="css-96kz36-IconImportantWrapper e4u1u2g1"
            >
              <svg
                fill="currentColor"
                height="100%"
                preserveAspectRatio="xMidYMid meet"
                style="display: block;"
                version="1.1"
                viewBox="0 0 35.000000 35.000000"
                width="100%"
              >
                <title>
                  icon important
                </title>
                <g
                  transform="translate(0.000000,35.000000) scale(0.100000,-0.100000)"
                >
                  <path
                    d="M100 332 c-87 -48 -125 -155 -82 -232 48 -87 155 -125 232 -82 87 48
125 155 82 232 -48 87 -155 125 -232 82z m100 -122 c0 -53 -2 -60 -20 -60 -18
0 -20 7 -20 60 0 53 2 60 20 60 18 0 20 -7 20 -60z m0 -111 c0 -12 -7 -19 -20
-19 -19 0 -28 28 -14 43 11 11 34 -5 34 -24z"
                  />
                </g>
              </svg>
            </div>
            <strong
              class="css-jegmsb-WarningTextWrapper e4u1u2g2"
            >
              In submitting the information in this catch certificate, I acknowledge that I understand that I am under a duty not to knowingly submit information which I know to be false or otherwise inaccurate. The fisheries administrations may undertake checks on the accuracy and validity of the data and may cross reference it with data held and submitted by others in the supply chain, and may exchange data with other relevant fisheries administrations, including those in the country of export. I understand that I may be liable to investigation and potentially to enforcement action, including prosecution if I knowingly submit false, misleading or otherwise inaccurate data.
            </strong>
          </div>
        </div>
      </div>
      <div
        class="css-1lzr9ic-StyledRow e4u1u2g0"
      >
        <div
          class="css-1w80l5h-StyledColumn e4u1u2g0"
        >
          <div>
            <form>
              <input
                name="completeUri"
                type="hidden"
                value="undefined/catch-certificate-created"
              />
              <input
                name="submittedUri"
                type="hidden"
                value="undefined/catch-certificate-pending"
              />
              <input
                name="redirectUri"
                type="hidden"
                value="undefined/addLandingsUpdatedUri"
              />
              <input
                name="journey"
                type="hidden"
                value="catchCertificate"
              />
              <button
                class="button button-start"
                id="continue"
                type="submit"
              >
                Accept and create catch certificate
              </button>
            </form>
          </div>
        </div>
      </div>
      <br />
      <div
        class="css-1lzr9ic-StyledRow e4u1u2g0"
      >
        <div
          class="css-1w80l5h-StyledColumn e4u1u2g0"
        >
          <hr
            class="help-link"
          />
          <h2
            class="e1vcssft0 css-162lx7h-StyledHeader-StyledHoc e4u1u2g0"
          >
            Need help?
          </h2>
          <a
            href="undefined"
            rel="noopener noreferrer"
            target="_blank"
          >
            Get help exporting fish from the UK (gov.uk)
             
            <span
              class="govuk-visually-hidden"
            >
              (opens in new tab)
            </span>
          </a>
        </div>
      </div>
    </div>
  </div>
</div>
`;
