// Jest Snapshot v1, https://goo.gl/fbAQLP

exports[`Confirm Document Delete Draft page should take a snapshot of the whole page 1`] = `
<div>
  <div
    class="css-1l99ixu-OuterContainer e4u1u2g0"
  >
    <div
      class="css-n57fe4-InnerContainer e4u1u2g1"
    >
      <div
        class="css-1lzr9ic-StyledRow e4u1u2g0"
      >
        <a
          class="e1vcssft0 css-zk98nb-Anchor-StyledHoc e4u1u2g0"
          href="/create-catch-certificate/catch-certificates"
        >
          Back
        </a>
      </div>
      <form
        action="/orchestration/api/v1/confirm-document-delete?c=/create-catch-certificate/catch-certificates"
        method="POST"
      >
        <div
          class="css-1lzr9ic-StyledRow e4u1u2g0"
        >
          <div
            class="css-n58wva-StyledColumn e4u1u2g0"
          >
            <div
              class="css-1lzr9ic-StyledRow e4u1u2g0"
            >
              <h1
                class="e1vcssft0 css-11nzzut-StyledHeader-StyledHoc e4u1u2g0"
              >
                <legend>
                  Are you sure you want to delete this catch certificate?
                </legend>
              </h1>
            </div>
            <div
              class="e1vcssft0 css-1phgi8s-StyledFieldset-StyledHoc e4u1u2g0"
              id="documentDelete"
            >
              <span
                class="e1vcssft0 css-3e01s4-StyledLabelText-StyledHoc e4u1u2g0"
              />
              
              <fieldset>
                <label
                  class="css-y8ql23-StyledHoc"
                  for="documentDeleteYes"
                  id="label-documentDeleteYes"
                >
                  <input
                    class="css-1xt3i3l"
                    id="documentDeleteYes"
                    name="documentDelete"
                    type="radio"
                    value="Yes"
                  />
                  <span
                    class="css-1uwxoxa"
                  >
                    Yes
                  </span>
                </label>
                <label
                  class="css-y8ql23-StyledHoc"
                  for="documentDeleteNo"
                  id="label-documentDeleteNo"
                >
                  <input
                    class="css-1xt3i3l"
                    id="documentDeleteNo"
                    name="documentDelete"
                    type="radio"
                    value="No"
                  />
                  <span
                    class="css-1uwxoxa"
                  >
                    No
                  </span>
                </label>
              </fieldset>
            </div>
          </div>
        </div>
        <div
          class="css-1lzr9ic-StyledRow e4u1u2g0"
        >
          <div
            class="css-n58wva-StyledColumn e4u1u2g0"
          >
            <button
              class="css-1gc9650-StyledButton-StyledHoc e4u1u2g0"
              id="continue"
              type="submit"
            >
              Save and continue
            </button>
          </div>
        </div>
        <input
          name="journey"
          type="hidden"
          value="catchCertificate"
        />
        <input
          name="currentUri"
          type="hidden"
          value="/create-catch-certificate/catch-certificates"
        />
        <input
          name="nextUri"
          type="hidden"
          value="/create-catch-certificate/what-are-you-exporting"
        />
        <input
          name="previousUri"
          type="hidden"
          value="/create-catch-certificate/catch-certificates"
        />
      </form>
      <div
        class="css-1lzr9ic-StyledRow e4u1u2g0"
      >
        <div
          class="css-1w80l5h-StyledColumn e4u1u2g0"
        >
          <hr
            class="help-link"
          />
          <h2
            class="e1vcssft0 css-162lx7h-StyledHeader-StyledHoc e4u1u2g0"
          >
            Need help?
          </h2>
          <a
            href="undefined"
            rel="noopener noreferrer"
            target="_blank"
          >
            Get help exporting fish from the UK (gov.uk)
             
            <span
              class="govuk-visually-hidden"
            >
              (opens in new tab)
            </span>
          </a>
        </div>
      </div>
    </div>
  </div>
</div>
`;
