// Jest Snapshot v1, https://goo.gl/fbAQLP

exports[`Error Page should generate snapshot for the Plane Details page 1`] = `
<div>
  <div
    class="css-1l99ixu-OuterContainer e4u1u2g0"
  >
    <div
      class="css-n57fe4-InnerContainer e4u1u2g1"
    >
      <div
        class="column-two-thirds"
      >
        <h1
          class="e1vcssft0 css-11nzzut-StyledHeader-StyledHoc e4u1u2g0"
        >
          Sorry, there is a problem with the service
        </h1>
        <p>
          Try again later.
        </p>
        <p>
          Everything you have done so far has been saved.
        </p>
      </div>
    </div>
  </div>
</div>
`;
