// Jest Snapshot v1, https://goo.gl/fbAQLP

exports[`Exporter Details Page should take a snapshot of the whole page 1`] = `
<div>
  <div
    class="export-cert css-1l99ixu-OuterContainer e4u1u2g0"
  >
    <div
      class="css-n57fe4-InnerContainer e4u1u2g1"
    >
      <div
        class="css-1lzr9ic-StyledRow e4u1u2g0"
      >
        <div
          class="css-1w80l5h-StyledColumn e4u1u2g0"
        >
          <a
            class="e1vcssft0 css-zk98nb-Anchor-StyledHoc e4u1u2g0"
            href="/create-processing-statement/processing-statements"
          >
            Back
          </a>
        </div>
      </div>
      <div
        class="css-1lzr9ic-StyledRow e4u1u2g0"
      >
        <div
          class="css-1w80l5h-StyledColumn e4u1u2g0"
        >
          <h1
            class="e1vcssft0 css-11nzzut-StyledHeader-StyledHoc e4u1u2g0"
          >
            Add your company details
          </h1>
          <div
            class="warning-message e1vcssft0 css-jxvtpr-StyledWarningText-StyledHoc e4u1u2g0"
          >
            <div
              class="css-96kz36-IconImportantWrapper e4u1u2g1"
            >
              <svg
                fill="currentColor"
                height="100%"
                preserveAspectRatio="xMidYMid meet"
                style="display: block;"
                version="1.1"
                viewBox="0 0 35.000000 35.000000"
                width="100%"
              >
                <title>
                  icon important
                </title>
                <g
                  transform="translate(0.000000,35.000000) scale(0.100000,-0.100000)"
                >
                  <path
                    d="M100 332 c-87 -48 -125 -155 -82 -232 48 -87 155 -125 232 -82 87 48
125 155 82 232 -48 87 -155 125 -232 82z m100 -122 c0 -53 -2 -60 -20 -60 -18
0 -20 7 -20 60 0 53 2 60 20 60 18 0 20 -7 20 -60z m0 -111 c0 -12 -7 -19 -20
-19 -19 0 -28 28 -14 43 11 11 34 -5 34 -24z"
                  />
                </g>
              </svg>
            </div>
            <strong
              class="css-jegmsb-WarningTextWrapper e4u1u2g2"
            >
              Add the name and address of the company (or individual) responsible for this export.
              <br />
               This information will appear on the final processing statement so please make sure the exporter details are correct before continuing.
            </strong>
          </div>
        </div>
      </div>
      <form
        action="/orchestration/api/v1/exporter/processingStatement"
        method="POST"
      >
        <div
          class="css-1lzr9ic-StyledRow e4u1u2g0"
        >
          <div
            class="css-n58wva-StyledColumn e4u1u2g0"
          >
            <label
              class="e1vcssft0 e1vcssft0 css-5tg97n-StyledLabel-StyledHoc-StyledHoc e4u1u2g0"
              for="exporterFullName"
            >
              <span
                class="e1vcssft0 css-3e01s4-StyledLabelText-StyledHoc e4u1u2g0"
              >
                Name of person responsible for this export
              </span>
              
              <input
                class="formControl e1vcssft0 css-4n7f6s-StyledInput-StyledHoc e4u1u2g0"
                id="exporterFullName"
                name="exporterFullName"
                type="text"
                value=""
              />
            </label>
          </div>
        </div>
        <div
          class="css-1lzr9ic-StyledRow e4u1u2g0"
        >
          <div
            class="css-n58wva-StyledColumn e4u1u2g0"
          >
            <label
              class="e1vcssft0 e1vcssft0 css-5tg97n-StyledLabel-StyledHoc-StyledHoc e4u1u2g0"
              for="exporterCompanyName"
            >
              <span
                class="e1vcssft0 css-3e01s4-StyledLabelText-StyledHoc e4u1u2g0"
              >
                Company name
              </span>
              <span
                class="e1vcssft0 css-1whl0n4-StyledHint-StyledHoc e4u1u2g0"
              >
                If you do not have a company name, enter the full name of the person responsible for the export.
              </span>
              
              <input
                class="formControl e1vcssft0 css-4n7f6s-StyledInput-StyledHoc e4u1u2g0"
                id="exporterCompanyName"
                name="exporterCompanyName"
                type="text"
                value=""
              />
            </label>
          </div>
        </div>
        <h2
          class="e1vcssft0 css-162lx7h-StyledHeader-StyledHoc e4u1u2g0"
        >
          Address
        </h2>
        <div
          class="css-1lzr9ic-StyledRow e4u1u2g0"
        >
          <div
            class="css-n58wva-StyledColumn e4u1u2g0"
          >
            <div
              class="exporter-address-data "
              id="address"
            >
              <p>
                Your registration address could not be accessed. Please add the exporter’s address
              </p>
              <p>
                <a
                  class="change-address-link"
                  href="/create-storage-document/undefined/add-processing-plant-details"
                >
                  Add the exporter’s address
                </a>
              </p>
            </div>
          </div>
        </div>
        <input
          name="preLoadedName"
          type="hidden"
          value=""
        />
        <input
          name="preLoadedAddress"
          type="hidden"
          value=""
        />
        <input
          name="preLoadedCompanyName"
          type="hidden"
          value=""
        />
        <input
          name="journey"
          type="hidden"
          value="processingStatement"
        />
        <input
          name="currentUri"
          type="hidden"
          value="/create-processing-statement/add-exporter-details"
        />
        <input
          name="nextUri"
          type="hidden"
          value="/create-processing-statement/add-consignment-details"
        />
        <input
          name="dashboardUri"
          type="hidden"
          value="/create-processing-statement/processing-statements"
        />
        <div
          class="css-1lzr9ic-StyledRow e4u1u2g0"
        >
          <button
            class="css-17uw1q2-StyledButton-StyledHoc e4u1u2g0"
            formaction="/orchestration/api/v1/exporter/processingStatement/saveAsDraftLink"
            id="saveAsDraft"
            name="saveAsDraft"
            type="submit"
          >
            Save as Draft
          </button>
          <button
            class="css-1gc9650-StyledButton-StyledHoc e4u1u2g0"
            id="continue"
          >
             
            Save and continue
          </button>
        </div>
      </form>
      <a
        href="/create-processing-statement/undefined/progress"
        id="backToProgress"
      >
        Back to Your Progress
        <span
          class="govuk-visually-hidden"
        >
          back to your progress page link
        </span>
      </a>
      <div
        class="css-1lzr9ic-StyledRow e4u1u2g0"
      >
        <div
          class="css-1w80l5h-StyledColumn e4u1u2g0"
        >
          <hr
            class="help-link"
          />
          <h2
            class="e1vcssft0 css-162lx7h-StyledHeader-StyledHoc e4u1u2g0"
          >
            Need help?
          </h2>
          <a
            href="undefined"
            rel="noopener noreferrer"
            target="_blank"
          >
            Get help exporting fish from the UK (gov.uk)
             
            <span
              class="govuk-visually-hidden"
            >
              (opens in new tab)
            </span>
          </a>
        </div>
      </div>
    </div>
  </div>
</div>
`;
