// Jest Snapshot v1, https://goo.gl/fbAQLP

exports[`Improve service page in English should generate snapshot for the Plane Details page 1`] = `
<div>
  <div
    class="css-1l99ixu-OuterContainer e4u1u2g0"
  >
    <div
      class="css-n57fe4-InnerContainer e4u1u2g1"
    >
      <a
        class="e1vcssft0 css-zk98nb-Anchor-StyledHoc e4u1u2g0"
        href=""
      >
        Back
      </a>
      <div
        class="css-1lzr9ic-StyledRow e4u1u2g0"
      >
        <div
          class="css-1w80l5h-StyledColumn e4u1u2g0"
        >
          <h1
            class="e1vcssft0 css-11nzzut-StyledHeader-StyledHoc e4u1u2g0"
          >
            How we're improving the service
          </h1>
        </div>
      </div>
      <div
        class="css-1lzr9ic-StyledRow e4u1u2g0"
      >
        <div
          class="css-1w80l5h-StyledColumn e4u1u2g0"
        >
          <p>
            The 
            <strong>
              Fish Exports Service
            </strong>
             helps businesses operating in the UK produce documents that enable fish exports to the EU and certain other countries.
          </p>
          <p>
            The service:
          </p>
          <ul
            class="ul e1vcssft0 css-t0nsp0-StyledList-StyledHoc e4u1u2g0"
          >
            <li
              class="e1vcssft0 css-h9lpae-StyledListItem-StyledHoc e4u1u2g0"
              style="font-size: 19px;"
            >
              uses your information in a secure way
            </li>
            <li
              class="e1vcssft0 css-h9lpae-StyledListItem-StyledHoc e4u1u2g0"
              style="font-size: 19px;"
            >
              is working towards the WCAG 2.1 AA accessibility standard
            </li>
            <li
              class="e1vcssft0 css-h9lpae-StyledListItem-StyledHoc e4u1u2g0"
              style="font-size: 19px;"
            >
              uses technology that allows it to be improved over time
            </li>
            <li
              class="e1vcssft0 css-h9lpae-StyledListItem-StyledHoc e4u1u2g0"
              style="font-size: 19px;"
            >
              aims to meet the Governmentâ€™s
               
              <a
                alt="Opens service manual"
                href="https://www.gov.uk/service-manual/service-standard"
                rel="noopener noreferrer"
                target="_blank"
              >
                Digital Service Standard (opens in new tab)
              </a>
              .
            </li>
          </ul>
          <br />
          <p>
            As part of continuous improvement, the service aims to:
          </p>
          <ul
            class="ul e1vcssft0 css-t0nsp0-StyledList-StyledHoc e4u1u2g0"
          >
            <li
              class="e1vcssft0 css-h9lpae-StyledListItem-StyledHoc e4u1u2g0"
              style="font-size: 19px;"
            >
              address and fix identified, WCAG 2.1 AA non-compliant accessibility issues (priority 1)
            </li>
            <li
              class="e1vcssft0 css-h9lpae-StyledListItem-StyledHoc e4u1u2g0"
              style="font-size: 19px;"
            >
              carry out continuous research to make sure you can complete the service first time, and make improvements where necessary (priority 2)
            </li>
            <li
              class="e1vcssft0 css-h9lpae-StyledListItem-StyledHoc e4u1u2g0"
              style="font-size: 19px;"
            >
              continue to research and test the service to ensure your needs are addressed (priority 3)
            </li>
          </ul>
          <br />
          <p>
            Your
             
            <a
              alt="Opens feedback form"
              href="/some-feedback-url"
              rel="noopener noreferrer"
              target="_blank"
            >
              feedback (opens in new tab)
            </a>
             
            will help us to improve this service.
          </p>
        </div>
      </div>
    </div>
  </div>
</div>
`;
