// Jest Snapshot v1, https://goo.gl/fbAQLP

exports[`Product Destination Page should take a snapshot of the whole page 1`] = `
<div>
  <div
    class="css-1l99ixu-OuterContainer e4u1u2g0"
  >
    <div
      class="css-n57fe4-InnerContainer e4u1u2g1"
    >
      <a
        class="e1vcssft0 css-zk98nb-Anchor-StyledHoc e4u1u2g0"
        href="undefined/previous-url"
      >
        Back
      </a>
      <h1
        class="e1vcssft0 css-11nzzut-StyledHeader-StyledHoc e4u1u2g0"
      >
        Page header
      </h1>
      <form
        action="/orchestration/api/v1/exportDestination?c=:documentNumber/what-export-destination&n=:documentNumber/next-url"
        method="POST"
      >
        <input
          name="journey"
          type="hidden"
          value="journey"
        />
        <input
          name="currentUri"
          type="hidden"
          value=":documentNumber/what-export-destination"
        />
        <div
          class="css-1lzr9ic-StyledRow e4u1u2g0"
        >
          <div
            class="css-n58wva-StyledColumn e4u1u2g0"
          >
            <label
              class="e1vcssft0 css-137pbp-StyledLabel-StyledHoc e4u1u2g0"
              for="exportDestination"
            >
              Select the destination country
              <span
                class="e1vcssft0 css-1whl0n4-StyledHint-StyledHoc e4u1u2g0"
              >
                This is the main destination country for the export, not the countries it is passing through. This information will not appear on the final document.
              </span>
              <div
                class="autocomplete__wrapper"
              >
                <div
                  style="border: 0px; height: 1px; margin-bottom: -1px; margin-right: -1px; overflow: hidden; padding: 0px; position: absolute; white-space: nowrap; width: 1px;"
                >
                  <div
                    aria-atomic="true"
                    aria-live="polite"
                    id="exportDestination__status--A"
                    role="status"
                  />
                  <div
                    aria-atomic="true"
                    aria-live="polite"
                    id="exportDestination__status--B"
                    role="status"
                  />
                </div>
                
                <input
                  aria-activedescendant="false"
                  aria-autocomplete="list"
                  aria-describedby="exportDestination__assistiveHint"
                  aria-expanded="false"
                  aria-owns="exportDestination__listbox"
                  autocomplete="off"
                  class="autocomplete__input autocomplete__input--default"
                  id="exportDestination"
                  name="exportDestination"
                  placeholder=""
                  role="combobox"
                  type="text"
                  value=""
                />
                <ul
                  class="autocomplete__menu autocomplete__menu--overlay autocomplete__menu--hidden"
                  id="exportDestination__listbox"
                  role="listbox"
                />
                <span
                  id="exportDestination__assistiveHint"
                  style="display: none;"
                >
                  When autocomplete results are available use up and down arrows to review and enter to select.  Touch device users, explore by touch or with swipe gestures.
                </span>
              </div>
            </label>
          </div>
        </div>
        <div
          class="css-1lzr9ic-StyledRow e4u1u2g0"
        >
          <button
            class="css-17uw1q2-StyledButton-StyledHoc e4u1u2g0"
            formaction="/orchestration/api/v1/exportDestination/saveAsDraftLink"
            id="saveAsDraft"
            name="saveAsDraft"
            type="submit"
          >
            Save as Draft
          </button>
          <button
            class="css-1gc9650-StyledButton-StyledHoc e4u1u2g0"
            id="continue"
            type="submit"
          >
            Save and continue
          </button>
        </div>
      </form>
      <a
        href="/document123/progress"
        id="backToProgress"
      >
        Back to Your Progress
        <span
          class="govuk-visually-hidden"
        >
          back to your progress page link
        </span>
      </a>
      <div
        class="css-1lzr9ic-StyledRow e4u1u2g0"
      >
        <div
          class="css-1w80l5h-StyledColumn e4u1u2g0"
        >
          <hr
            class="help-link"
          />
          <h2
            class="e1vcssft0 css-162lx7h-StyledHeader-StyledHoc e4u1u2g0"
          >
            Need help?
          </h2>
          <a
            href="undefined"
            rel="noopener noreferrer"
            target="_blank"
          >
            Get help exporting fish from the UK (gov.uk)
             
            <span
              class="govuk-visually-hidden"
            >
              (opens in new tab)
            </span>
          </a>
        </div>
      </div>
    </div>
  </div>
</div>
`;
