// Jest Snapshot v1, https://goo.gl/fbAQLP

exports[`TruckCMRPage should take a snapshot of whole page 1`] = `
<div>
  <div
    class="css-1l99ixu-OuterContainer e4u1u2g0"
  >
    <div
      class="css-n57fe4-InnerContainer e4u1u2g1"
    >
      <div
        class="css-1lzr9ic-StyledRow e4u1u2g0"
      >
        <div
          class="css-1w80l5h-StyledColumn e4u1u2g0"
        >
          <a
            class="e1vcssft0 css-zk98nb-Anchor-StyledHoc e4u1u2g0"
            href="undefined/transportSelection"
          >
            Back
          </a>
          <h1
            class="e1vcssft0 css-11nzzut-StyledHeader-StyledHoc e4u1u2g0"
          >
            Do you have a road transport document to go with this export?
          </h1>
          <br />
          <span
            class="e1vcssft0 css-1whl0n4-StyledHint-StyledHoc e4u1u2g0"
          >
            This document is sometimes called a CMR note. Itâ€™s a contract between you and the haulier, and includes details about your export.
          </span>
        </div>
      </div>
      <form
        action="/orchestration/api/v1/transport/truck/cmr"
        method="POST"
      >
        <input
          name="summaryUri"
          type="hidden"
          value=":documentNumber/check-your-information"
        />
        <input
          name="truckDetailsUri"
          type="hidden"
          value=":documentNumber/add-transportation-details-truck"
        />
        <input
          name="journey"
          type="hidden"
          value="catchCertificate"
        />
        <input
          name="vehicle"
          type="hidden"
          value=""
        />
        <input
          name="nationalityOfVehicle"
          type="hidden"
          value=""
        />
        <input
          name="registrationNumber"
          type="hidden"
          value=""
        />
        <input
          name="departurePlace"
          type="hidden"
          value=""
        />
        <input
          name="currentUri"
          type="hidden"
          value=":documentNumber/transportSelection"
        />
        <input
          name="dashboardUri"
          type="hidden"
          value=":documentNumber/create-catch-certificate/catch-certificates"
        />
        <div
          class="css-1lzr9ic-StyledRow e4u1u2g0"
        >
          <div
            class="css-1w80l5h-StyledColumn e4u1u2g0"
          >
            <div
              id="cmr"
            >
              <div
                class="e1vcssft0 css-1phgi8s-StyledFieldset-StyledHoc e4u1u2g0"
              >
                <span
                  class="e1vcssft0 css-3e01s4-StyledLabelText-StyledHoc e4u1u2g0"
                />
                
                <fieldset>
                  <legend
                    class="visually-hidden"
                  >
                    Do you have a road transport document to go with this export?
                  </legend>
                  <label
                    class="css-y8ql23-StyledHoc"
                    for="separateCmrTrue"
                    id="label-separateCmrTrue"
                  >
                    <input
                      class="css-1xt3i3l"
                      id="separateCmrTrue"
                      name="cmr"
                      type="radio"
                      value="true"
                    />
                    <span
                      class="css-1uwxoxa"
                    >
                      Yes
                    </span>
                  </label>
                  <label
                    class="css-y8ql23-StyledHoc"
                    for="separateCmrFalse"
                    id="label-separateCmrFalse"
                  >
                    <input
                      class="css-1xt3i3l"
                      id="separateCmrFalse"
                      name="cmr"
                      type="radio"
                      value="false"
                    />
                    <span
                      class="css-1uwxoxa"
                    >
                      No
                    </span>
                  </label>
                </fieldset>
              </div>
            </div>
          </div>
        </div>
        <div
          class="css-1lzr9ic-StyledRow e4u1u2g0"
        >
          <button
            class="css-17uw1q2-StyledButton-StyledHoc e4u1u2g0"
            formaction="/orchestration/api/v1/transport/truck/cmr/saveAsDraft"
            id="saveAsDraft"
            name="saveAsDraft"
            type="submit"
          >
            Save as Draft
          </button>
          <button
            class="css-1gc9650-StyledButton-StyledHoc e4u1u2g0"
            id="continue"
            type="submit"
          >
            Save and continue
          </button>
        </div>
      </form>
      <a
        href="/documentNumber/progress"
        id="backToProgress"
      >
        Back to Your Progress
        <span
          class="govuk-visually-hidden"
        >
          back to your progress page link
        </span>
      </a>
      <div
        class="css-1lzr9ic-StyledRow e4u1u2g0"
      >
        <div
          class="css-1w80l5h-StyledColumn e4u1u2g0"
        >
          <hr
            class="help-link"
          />
          <h2
            class="e1vcssft0 css-162lx7h-StyledHeader-StyledHoc e4u1u2g0"
          >
            Need help?
          </h2>
          <a
            href="undefined"
            rel="noopener noreferrer"
            target="_blank"
          >
            Get help exporting fish from the UK (gov.uk)
             
            <span
              class="govuk-visually-hidden"
            >
              (opens in new tab)
            </span>
          </a>
        </div>
      </div>
    </div>
  </div>
</div>
`;
