// Jest Snapshot v1, https://goo.gl/fbAQLP

exports[`When redirected from copy comfirm document page for a processing statement should take a snapshot of the whole page 1`] = `
<div>
  <div
    class="css-1l99ixu-OuterContainer e4u1u2g0"
  >
    <div
      class="css-n57fe4-InnerContainer e4u1u2g1"
    >
      <div
        class="css-1lzr9ic-StyledRow e4u1u2g0"
      >
        <div
          class="css-1w80l5h-StyledColumn e4u1u2g0"
        >
          <a
            class="e1vcssft0 css-zk98nb-Anchor-StyledHoc e4u1u2g0"
            href="/create-catch-certificate/catch-certificates"
          >
            Back
          </a>
          <div
            class="notification-banner"
            role="alert"
            style="border: 0px;"
          >
            <div
              class="notification-banner__header"
            >
              <h2
                class="notification-banner__title"
              >
                Important
              </h2>
            </div>
            <div
              class="notification-banner__content"
            >
              <p
                class="notification-banner__heading"
              >
                This draft was created by copying a document that has now been voided. You are reminded that you must not use a processing statement or data for catches that have already been exported as this is a serious offence and may result in enforcement action being taken.
              </p>
            </div>
          </div>
          <h1
            class="e1vcssft0 css-11nzzut-StyledHeader-StyledHoc e4u1u2g0"
          >
            Add your reference for this export
          </h1>
        </div>
      </div>
      <form
        action="/orchestration/api/v1/userReference?c=/create-catch-certificate/undefined/add-your-reference&n=/create-catch-certificate/undefined/add-exporter-details"
        method="POST"
      >
        <input
          name="journey"
          type="hidden"
          value="processingStatement"
        />
        <input
          name="currentUri"
          type="hidden"
          value="/create-catch-certificate/:documentNumber/add-your-reference"
        />
        <div
          class="css-1lzr9ic-StyledRow e4u1u2g0"
        >
          <div
            class="css-n58wva-StyledColumn e4u1u2g0"
          >
            <label
              class="e1vcssft0 e1vcssft0 css-5tg97n-StyledLabel-StyledHoc-StyledHoc e4u1u2g0"
              for="userReference"
            >
              <span
                class="e1vcssft0 css-3e01s4-StyledLabelText-StyledHoc e4u1u2g0"
              >
                Your reference (optional)
              </span>
              <span
                class="e1vcssft0 css-1whl0n4-StyledHint-StyledHoc e4u1u2g0"
              >
                Enter a reference to help you identify this processing statement within the service. This reference is for your own use and will not appear on the final certificate. For example, you could choose a reference number from your organisation.
              </span>
              
              <input
                autocomplete="off"
                class="formControl e1vcssft0 css-4n7f6s-StyledInput-StyledHoc e4u1u2g0"
                id="userReference"
                name="userReference"
                type="text"
                value=""
              />
            </label>
          </div>
        </div>
        <div
          class="css-1lzr9ic-StyledRow e4u1u2g0"
        >
          <button
            class="css-17uw1q2-StyledButton-StyledHoc e4u1u2g0"
            formaction="/orchestration/api/v1/userReference/processingStatement/saveAsDraftLink"
            id="saveAsDraft"
            name="saveAsDraft"
            type="submit"
          >
            Save as Draft
          </button>
          <button
            class="css-1gc9650-StyledButton-StyledHoc e4u1u2g0"
            id="continue"
          >
            Save and continue
          </button>
        </div>
      </form>
      <a
        href="/create-catch-certificate/catch-certificates"
        id="backToProgress"
      >
        Back to Your Progress
        <span
          class="govuk-visually-hidden"
        >
          back to your progress page link
        </span>
      </a>
      <div
        class="css-1lzr9ic-StyledRow e4u1u2g0"
      >
        <div
          class="css-1w80l5h-StyledColumn e4u1u2g0"
        >
          <hr
            class="help-link"
          />
          <h2
            class="e1vcssft0 css-162lx7h-StyledHeader-StyledHoc e4u1u2g0"
          >
            Need help?
          </h2>
          <a
            href="undefined"
            rel="noopener noreferrer"
            target="_blank"
          >
            Get help exporting fish from the UK (gov.uk)
             
            <span
              class="govuk-visually-hidden"
            >
              (opens in new tab)
            </span>
          </a>
        </div>
      </div>
    </div>
  </div>
</div>
`;
