// Jest Snapshot v1, https://goo.gl/fbAQLP

exports[`Snapshot describe should take a snapshot of the whole page 1`] = `
<div>
  <div
    class="css-1l99ixu-OuterContainer e4u1u2g0"
  >
    <div
      class="css-n57fe4-InnerContainer e4u1u2g1"
    >
      <div
        class="css-1lzr9ic-StyledRow e4u1u2g0"
      >
        <a
          class="e1vcssft0 css-zk98nb-Anchor-StyledHoc e4u1u2g0"
          href="/catch-certificates/landings-entry"
        >
          Back
        </a>
      </div>
      <form
        action="/orchestration/api/v1/confirm-change-landings-type?c=/catch-certificates/landings-type-confirmation"
        method="POST"
      >
        <div
          class="css-1w80l5h-StyledColumn e4u1u2g0"
        >
          <div
            class="css-1lzr9ic-StyledRow e4u1u2g0"
          >
            <h1
              class="e1vcssft0 css-11nzzut-StyledHeader-StyledHoc e4u1u2g0"
            >
              <legend>
                Are you sure you want to change your landings type?
              </legend>
            </h1>
          </div>
          <div
            class="css-1lzr9ic-StyledRow e4u1u2g0"
          >
            <div
              class="warning-message e1vcssft0 css-jxvtpr-StyledWarningText-StyledHoc e4u1u2g0"
            >
              <div
                class="css-96kz36-IconImportantWrapper e4u1u2g1"
              >
                <svg
                  fill="currentColor"
                  height="100%"
                  preserveAspectRatio="xMidYMid meet"
                  style="display: block;"
                  version="1.1"
                  viewBox="0 0 35.000000 35.000000"
                  width="100%"
                >
                  <title>
                    icon important
                  </title>
                  <g
                    transform="translate(0.000000,35.000000) scale(0.100000,-0.100000)"
                  >
                    <path
                      d="M100 332 c-87 -48 -125 -155 -82 -232 48 -87 155 -125 232 -82 87 48
125 155 82 232 -48 87 -155 125 -232 82z m100 -122 c0 -53 -2 -60 -20 -60 -18
0 -20 7 -20 60 0 53 2 60 20 60 18 0 20 -7 20 -60z m0 -111 c0 -12 -7 -19 -20
-19 -19 0 -28 28 -14 43 11 11 34 -5 34 -24z"
                    />
                  </g>
                </svg>
              </div>
              <strong
                class="css-jegmsb-WarningTextWrapper e4u1u2g2"
              >
                Switching between direct and non-direct landings types will require the re-entry of landings data.
              </strong>
            </div>
          </div>
          <div
            class="css-1lzr9ic-StyledRow e4u1u2g0"
          >
            <div
              class="e1vcssft0 css-1phgi8s-StyledFieldset-StyledHoc e4u1u2g0"
              id="confirmLandingsChange"
            >
              <span
                class="e1vcssft0 css-3e01s4-StyledLabelText-StyledHoc e4u1u2g0"
              />
              <fieldset>
                <label
                  class="css-sdrcg6-StyledHoc"
                  for="landingsTypeYes"
                  id="label-landingsTypeYes"
                >
                  <input
                    class="css-1xt3i3l"
                    id="landingsTypeYes"
                    name="confirmLandingsChange"
                    type="radio"
                    value="Yes"
                  />
                  <span
                    class="css-1uwxoxa"
                  >
                    Yes, I want to change my landings type
                  </span>
                </label>
                <label
                  class="css-sdrcg6-StyledHoc"
                  for="landingsTypeNo"
                  id="label-landingsTypeNo"
                >
                  <input
                    class="css-1xt3i3l"
                    id="landingsTypeNo"
                    name="confirmLandingsChange"
                    type="radio"
                    value="No"
                  />
                  <span
                    class="css-1uwxoxa"
                  >
                    No, I want to keep my current landings type
                  </span>
                </label>
              </fieldset>
            </div>
          </div>
        </div>
        <div
          class="css-1lzr9ic-StyledRow e4u1u2g0"
        >
          <button
            class="css-17uw1q2-StyledButton-StyledHoc e4u1u2g0"
            id="cancel"
            name="cancel"
            type="button"
            value="cancel"
          >
            Cancel
          </button>
          <button
            class="css-1gc9650-StyledButton-StyledHoc e4u1u2g0"
            id="continue"
            type="submit"
          >
            Continue
          </button>
        </div>
        <input
          name="confirmLandingsType"
          type="hidden"
          value=""
        />
      </form>
      <div
        class="css-1lzr9ic-StyledRow e4u1u2g0"
      >
        <div
          class="css-1w80l5h-StyledColumn e4u1u2g0"
        >
          <hr
            class="help-link"
          />
          <h2
            class="e1vcssft0 css-162lx7h-StyledHeader-StyledHoc e4u1u2g0"
          >
            Need help?
          </h2>
          <a
            href="undefined"
            rel="noopener noreferrer"
            target="_blank"
          >
            Get help exporting fish from the UK (gov.uk)
             
            <span
              class="govuk-visually-hidden"
            >
              (opens in new tab)
            </span>
          </a>
        </div>
      </div>
    </div>
  </div>
</div>
`;
