// Jest Snapshot v1, https://goo.gl/fbAQLP

exports[`Product details snapshot should render the product details component and take snapshot 1`] = `
<div>
  <div
    class="css-1l99ixu-OuterContainer e4u1u2g0"
  >
    <div
      class="css-n57fe4-InnerContainer e4u1u2g1"
    >
      <div
        class="css-1lzr9ic-StyledRow e4u1u2g0"
      >
        <div
          class="css-1w80l5h-StyledColumn e4u1u2g0"
        >
          <a
            class="e1vcssft0 css-zk98nb-Anchor-StyledHoc e4u1u2g0"
            href="/orchestration/api/v1/processingStatement/back?n=/create-storage-document/undefined/add-product-to-this-consignment/0"
          >
            Back
          </a>
          <h1
            class="e1vcssft0 css-11nzzut-StyledHeader-StyledHoc e4u1u2g0"
          >
            Add a product to this consignment
          </h1>
        </div>
      </div>
      <form
        action="/orchestration/api/v1/storageNotes/saveAndValidate?c=/create-storage-document/undefined/add-product-to-this-consignment/0&n=/create-storage-document/undefined/you-have-added-a-product"
        method="POST"
      >
        <div
          class="css-1lzr9ic-StyledRow e4u1u2g0"
        >
          <div
            class="css-1w80l5h-StyledColumn e4u1u2g0"
          >
            <div
              class="input-species-ps properties-group autocomplete-sd "
            >
              <label
                class="e1vcssft0 css-137pbp-StyledLabel-StyledHoc e4u1u2g0"
                for="catches.0.product"
                id="label-catches-0-product"
                name="catches-0-product"
              >
                <div
                  id="speciesLabel"
                >
                  FAO code or product name
                </div>
                <span
                  class="e1vcssft0 css-1whl0n4-StyledHint-StyledHoc e4u1u2g0"
                >
                  Enter part of the FAO code or product name for suggestions e.g. Atlantic Cod (COD). You must choose from the suggestions provided to avoid invalid documents.
                </span>
                <div
                  class="autocomplete__wrapper"
                >
                  <div
                    style="border: 0px; height: 1px; margin-bottom: -1px; margin-right: -1px; overflow: hidden; padding: 0px; position: absolute; white-space: nowrap; width: 1px;"
                  >
                    <div
                      aria-atomic="true"
                      aria-live="polite"
                      id="catches.0.product__status--A"
                      role="status"
                    />
                    <div
                      aria-atomic="true"
                      aria-live="polite"
                      id="catches.0.product__status--B"
                      role="status"
                    />
                  </div>
                  
                  <input
                    aria-activedescendant="false"
                    aria-autocomplete="list"
                    aria-describedby="catches.0.product__assistiveHint"
                    aria-expanded="false"
                    aria-owns="catches.0.product__listbox"
                    autocomplete="off"
                    class="autocomplete__input autocomplete__input--default"
                    id="catches.0.product"
                    name="catches.0.product"
                    placeholder=""
                    role="combobox"
                    type="text"
                    value="Atlantic cod (COD)"
                  />
                  <ul
                    class="autocomplete__menu autocomplete__menu--overlay autocomplete__menu--hidden"
                    id="catches.0.product__listbox"
                    role="listbox"
                  >
                    <li
                      aria-posinset="1"
                      aria-selected="false"
                      aria-setsize="1"
                      class="autocomplete__option"
                      id="catches.0.product__option--0"
                      role="option"
                      tabindex="-1"
                    >
                      Atlantic cod (COD)
                    </li>
                  </ul>
                  <span
                    id="catches.0.product__assistiveHint"
                    style="display: none;"
                  >
                    When autocomplete results are available use up and down arrows to review and enter to select.  Touch device users, explore by touch or with swipe gestures.
                  </span>
                </div>
              </label>
              <input
                name="productCode"
                type="hidden"
                value=""
              />
            </div>
            <br />
            <details>
              <summary
                class="govuk-details__summary"
              >
                I cannot find the species
              </summary>
              <div
                class="govuk-details__text "
              >
                For best results, search for the common English name or the FAO code (if known) as species nicknames are not supported.
                <p
                  class="css-sq4ju6"
                >
                  Some species are exempt
                  :Â 
                  <a
                    aria-label="Link opens in a new window"
                    href="https://eur-lex.europa.eu/LexUriServ/LexUriServ.do?uri=OJ:L:2011:057:0010:0018:EN:PDF"
                    rel="noopener noreferrer"
                    target="_blank"
                  >
                    Species exempt from Storage Documents (europa.eu)
                     
                    <span
                      class="govuk-visually-hidden"
                    >
                      (opens in new tab)
                    </span>
                  </a>
                </p>
                If you cannot find the species and it is not exempt, call 
                0330 159 1989.
              </div>
            </details>
            <br />
          </div>
        </div>
        <div
          class="css-1lzr9ic-StyledRow e4u1u2g0"
        >
          <div
            class="css-n58wva-StyledColumn e4u1u2g0"
          >
            <label
              class="e1vcssft0 e1vcssft0 css-5tg97n-StyledLabel-StyledHoc-StyledHoc e4u1u2g0"
              for="catches.0.commodityCode"
              id="catches-0-commodityCode"
              style="margin-top: -1em;"
            >
              <span
                class="e1vcssft0 css-3e01s4-StyledLabelText-StyledHoc e4u1u2g0"
              >
                Commodity code
              </span>
              
              <input
                autocomplete="off"
                class="formControl mediumInput e1vcssft0 css-4n7f6s-StyledInput-StyledHoc e4u1u2g0"
                id="catches.0.commodityCode"
                name="catches.0.commodityCode"
                type="text"
                value="123456"
              />
            </label>
          </div>
        </div>
        <div
          class="css-1lzr9ic-StyledRow e4u1u2g0"
        >
          <div
            class="css-n58wva-StyledColumn e4u1u2g0"
          >
            <label
              class="e1vcssft0 e1vcssft0 css-5tg97n-StyledLabel-StyledHoc-StyledHoc e4u1u2g0"
              for="catches.0.productWeight"
              id="catches-0-productWeight"
            >
              <span
                class="e1vcssft0 css-3e01s4-StyledLabelText-StyledHoc e4u1u2g0"
              >
                Export weight in kg
              </span>
              
              <input
                autocomplete="off"
                class="formControl smallInput e1vcssft0 css-4n7f6s-StyledInput-StyledHoc e4u1u2g0"
                id="catches.0.productWeight"
                name="catches.0.productWeight"
                type="text"
                value="100"
              />
            </label>
          </div>
        </div>
        <div
          class="css-1lzr9ic-StyledRow e4u1u2g0"
        >
          <div
            class="css-1w80l5h-StyledColumn e4u1u2g0"
          >
            <h1
              class="e1vcssft0 css-11nzzut-StyledHeader-StyledHoc e4u1u2g0"
            >
              UK entry document
            </h1>
            <p
              style="color: rgb(111, 119, 123);"
            >
              This is the last document used for the product to enter the UK. It could be a 3rd country catch certificate, processing statement or storage document.
            </p>
          </div>
        </div>
        <div
          class="css-1lzr9ic-StyledRow e4u1u2g0"
        >
          <div
            class="css-n58wva-StyledColumn e4u1u2g0"
          >
            <div
              class="date-field-with-picker"
              id="catches-0-dateOfUnloading"
            >
              <div
                class="column-field-picker"
              >
                <div
                  class="date-field e1vcssft0 css-vav5a4-StyledContainer-StyledHoc e4u1u2g0"
                >
                  <span
                    class="e1vcssft0 css-3e01s4-StyledLabelText-StyledHoc e4u1u2g0"
                  >
                    <span
                      class="label-product-details-form e1vcssft0 css-3e01s4-StyledLabelText-StyledHoc e4u1u2g0"
                      id="date-field-label-text"
                    >
                      Date product entered the UK
                    </span>
                  </span>
                  <span
                    class="e1vcssft0 css-1whl0n4-StyledHint-StyledHoc e4u1u2g0"
                  >
                    For example, 31 03 1980
                  </span>
                  
                  <div
                    class="css-bw34j1-StyledList e107rt5v2"
                  >
                    <label
                      class="e107rt5v1 css-iwpl6b-StyledLabel-StyledHoc-StyledLabel e4u1u2g0"
                    >
                      <span
                        class="e1vcssft0 css-3e01s4-StyledLabelText-StyledHoc e4u1u2g0"
                      >
                        Day
                      </span>
                      <input
                        class="css-lktfuz-StyledInput e107rt5v0"
                        name="dayInputName"
                        type="number"
                        value="14"
                      />
                    </label>
                    <label
                      class="e107rt5v1 css-iwpl6b-StyledLabel-StyledHoc-StyledLabel e4u1u2g0"
                    >
                      <span
                        class="e1vcssft0 css-3e01s4-StyledLabelText-StyledHoc e4u1u2g0"
                      >
                        Month
                      </span>
                      <input
                        class="css-lktfuz-StyledInput e107rt5v0"
                        name="monthInputName"
                        type="number"
                        value="10"
                      />
                    </label>
                    <label
                      class="e107rt5v1 css-17bpbza-StyledLabel-StyledHoc-StyledLabel e4u1u2g0"
                    >
                      <span
                        class="e1vcssft0 css-3e01s4-StyledLabelText-StyledHoc e4u1u2g0"
                      >
                        Year
                      </span>
                      <input
                        class="css-lktfuz-StyledInput e107rt5v0"
                        name="yearInputName"
                        type="number"
                        value="2021"
                      />
                    </label>
                  </div>
                </div>
                <div
                  class="date-picker "
                >
                  <button>
                    <img
                      alt="calendar"
                      src="/static/assets/images/calendar.png"
                    />
                  </button>
                </div>
              </div>
            </div>
          </div>
        </div>
        <div
          class="css-1lzr9ic-StyledRow e4u1u2g0"
        >
          <div
            class="css-n58wva-StyledColumn e4u1u2g0"
          >
            <label
              class="e1vcssft0 e1vcssft0 css-5tg97n-StyledLabel-StyledHoc-StyledHoc e4u1u2g0"
              for="catches.0.placeOfUnloading"
              id="catches-0-placeOfUnloading"
              style="margin-top: -2em;"
            >
              <span
                class="e1vcssft0 css-3e01s4-StyledLabelText-StyledHoc e4u1u2g0"
              >
                Port where product entered the UK
              </span>
              <span
                class="e1vcssft0 css-1whl0n4-StyledHint-StyledHoc e4u1u2g0"
              >
                For example, Felixstowe or Dover.
              </span>
              
              <input
                autocomplete="off"
                class="formControl mediumInput e1vcssft0 css-4n7f6s-StyledInput-StyledHoc e4u1u2g0"
                id="catches.0.placeOfUnloading"
                name="catches.0.placeOfUnloading"
                type="text"
                value="Dover"
              />
            </label>
          </div>
        </div>
        <div
          class="css-1lzr9ic-StyledRow e4u1u2g0"
        >
          <div
            class="css-n58wva-StyledColumn e4u1u2g0"
          >
            <label
              class="e1vcssft0 e1vcssft0 css-5tg97n-StyledLabel-StyledHoc-StyledHoc e4u1u2g0"
              for="catches.0.transportUnloadedFrom"
              id="catches-0-transportUnloadedFrom"
            >
              <span
                class="e1vcssft0 css-3e01s4-StyledLabelText-StyledHoc e4u1u2g0"
              >
                Transport details
              </span>
              <span
                class="e1vcssft0 css-1whl0n4-StyledHint-StyledHoc e4u1u2g0"
              >
                For example, the name of a container ship, flight number or vehicle registration.
              </span>
              
              <input
                autocomplete="off"
                class="formControl e1vcssft0 css-4n7f6s-StyledInput-StyledHoc e4u1u2g0"
                id="catches.0.transportUnloadedFrom"
                name="catches.0.transportUnloadedFrom"
                type="text"
                value="ABCD1234"
              />
            </label>
          </div>
        </div>
        <div
          class="css-1lzr9ic-StyledRow e4u1u2g0"
        >
          <div
            class="css-n58wva-StyledColumn e4u1u2g0"
          >
            <label
              class="e1vcssft0 e1vcssft0 css-5tg97n-StyledLabel-StyledHoc-StyledHoc e4u1u2g0"
              for="catches.0.certificateNumber"
              id="catches-0-certificateNumber"
            >
              <span
                class="e1vcssft0 css-3e01s4-StyledLabelText-StyledHoc e4u1u2g0"
              >
                Document number
              </span>
              <span
                class="e1vcssft0 css-1whl0n4-StyledHint-StyledHoc e4u1u2g0"
              >
                Enter 1 catch certificate document number per line.
              </span>
              
              <input
                autocomplete="off"
                class="formControl largeInput e1vcssft0 css-4n7f6s-StyledInput-StyledHoc e4u1u2g0"
                id="catches.0.certificateNumber"
                maxlength="54"
                name="catches.0.certificateNumber"
                type="text"
                value="ABCD"
              />
            </label>
          </div>
        </div>
        <div
          class="css-1lzr9ic-StyledRow e4u1u2g0"
        >
          <div
            class="css-n58wva-StyledColumn e4u1u2g0"
          >
            <label
              class="e1vcssft0 e1vcssft0 css-5tg97n-StyledLabel-StyledHoc-StyledHoc e4u1u2g0"
              for="catches.0.weightOnCC"
              id="catches-0-weightOnCC"
            >
              <span
                class="e1vcssft0 css-3e01s4-StyledLabelText-StyledHoc e4u1u2g0"
              >
                Weight on document in kg
              </span>
              
              <input
                autocomplete="off"
                class="formControl smallInput e1vcssft0 css-4n7f6s-StyledInput-StyledHoc e4u1u2g0"
                id="catches.0.weightOnCC"
                name="catches.0.weightOnCC"
                type="text"
                value="100"
              />
            </label>
          </div>
        </div>
        <div
          class="css-1lzr9ic-StyledRow e4u1u2g0"
        >
          <button
            class="css-17uw1q2-StyledButton-StyledHoc e4u1u2g0"
            formaction="/orchestration/api/v1/storageNotes/saveAndValidate?saveAsDraftUrl=/create-storage-document/storage-documents&c=/create-storage-document/add-product-to-this-consignment/0&n=/create-storage-document/you-have-added-a-product"
            id="saveAsDraft"
            name="saveAsDraft"
            type="submit"
          >
            Save as Draft
          </button>
          <input
            name="journey"
            type="hidden"
            value="storageNotes"
          />
          <input
            name="currentUri"
            type="hidden"
            value="/create-storage-document/123456789/add-product-to-this-consignment/0"
          />
          <button
            class="css-1gc9650-StyledButton-StyledHoc e4u1u2g0"
            id="continue"
          >
            Save and continue
          </button>
        </div>
      </form>
      <a
        href="/create-storage-document/undefined/progress"
        id="backToProgress"
      >
        Back to Your Progress
        <span
          class="govuk-visually-hidden"
        >
          back to your progress page link
        </span>
      </a>
      <div
        class="css-1lzr9ic-StyledRow e4u1u2g0"
      >
        <div
          class="css-1w80l5h-StyledColumn e4u1u2g0"
        >
          <hr
            class="help-link"
          />
          <h2
            class="e1vcssft0 css-162lx7h-StyledHeader-StyledHoc e4u1u2g0"
          >
            Need help?
          </h2>
          <a
            href="undefined"
            rel="noopener noreferrer"
            target="_blank"
          >
            Get help exporting fish from the UK (gov.uk)
             
            <span
              class="govuk-visually-hidden"
            >
              (opens in new tab)
            </span>
          </a>
        </div>
      </div>
    </div>
  </div>
</div>
`;
